[
  {
    "last_modified": "0001-01-01T00:00:00Z",
    "config_type": "Config1",
    "config_class": "MySecrets",
    "name": "Config1",
    "id": "1",
    "config": {
      "id": 1,
      "name": "Config1",
      "secret": "secret_1"
    }
  },
  {
    "last_modified": "0001-01-01T00:00:00Z",
    "config_type": "Config2",
    "config_class": "MySecrets",
    "name": "Config2",
    "id": "2",
    "config": {
      "id": 2,
      "name": "Config2"
    }
  }
]
